[0m14:07:13.515996 [debug] [MainThread]: Sending event: {'category': 'dbt', 'action': 'invocation', 'label': 'start', 'context': [<snowplow_tracker.self_describing_json.SelfDescribingJson object at 0x000001FE967A9010>, <snowplow_tracker.self_describing_json.SelfDescribingJson object at 0x000001FE9490CA50>, <snowplow_tracker.self_describing_json.SelfDescribingJson object at 0x000001FE973D6350>]}


============================== 14:07:13.521433 | 32810dfc-5cd2-48c5-9e31-9889c0bcb9d9 ==============================
[0m14:07:13.521433 [info ] [MainThread]: Running with dbt=1.9.1
[0m14:07:13.522330 [debug] [MainThread]: running dbt with arguments {'printer_width': '80', 'indirect_selection': 'eager', 'log_cache_events': 'False', 'write_json': 'True', 'partial_parse': 'True', 'cache_selected_only': 'False', 'warn_error': 'None', 'version_check': 'True', 'fail_fast': 'False', 'log_path': 'logs', 'profiles_dir': 'C:\\Users\\jwolverson\\.dbt', 'debug': 'False', 'use_colors': 'True', 'use_experimental_parser': 'False', 'empty': 'None', 'quiet': 'False', 'no_print': 'None', 'warn_error_options': 'WarnErrorOptions(include=[], exclude=[])', 'invocation_command': 'dbt init', 'introspect': 'True', 'log_format': 'default', 'target_path': 'None', 'static_parser': 'True', 'send_anonymous_usage_stats': 'True'}
[0m14:07:26.287682 [debug] [MainThread]: Starter project path: C:\Users\jwolverson\AppData\Local\Programs\Python\Python313\Lib\site-packages\dbt\include\starter_project
[0m14:07:26.304535 [info ] [MainThread]: 
Your new dbt project "dbt_proj" was created!

For more information on how to configure the profiles.yml file,
please consult the dbt documentation here:

  https://docs.getdbt.com/docs/configure-your-profile

One more thing:

Need help? Don't hesitate to reach out to us via GitHub issues or on Slack:

  https://community.getdbt.com/

Happy modeling!

[0m14:07:26.305222 [info ] [MainThread]: Setting up your profile.
[0m14:07:37.054332 [info ] [MainThread]: Profile dbt_proj written to C:\Users\jwolverson\.dbt\profiles.yml using target's profile_template.yml and your supplied values. Run 'dbt debug' to validate the connection.
[0m14:07:37.055700 [debug] [MainThread]: Command `dbt init` succeeded at 14:07:37.055521 after 23.81 seconds
[0m14:07:37.056093 [debug] [MainThread]: Sending event: {'category': 'dbt', 'action': 'invocation', 'label': 'end', 'context': [<snowplow_tracker.self_describing_json.SelfDescribingJson object at 0x000001FE97E50510>, <snowplow_tracker.self_describing_json.SelfDescribingJson object at 0x000001FE97954A70>, <snowplow_tracker.self_describing_json.SelfDescribingJson object at 0x000001FE9776E690>]}
[0m14:07:37.056450 [debug] [MainThread]: Flushing usage events
[0m14:07:37.453260 [debug] [MainThread]: An error was encountered while trying to flush usage events
